You messed up![25-Aug-2022 13:49:53 UTC] Hello, errors!
[25-Aug-2022 13:49:55 UTC] Hello, errors4!
[25-Aug-2022 13:51:49 UTC] Hello, errors!
[25-Aug-2022 13:51:55 UTC] Hello, errors4!
[25-Aug-2022 13:53:31 UTC] Hello, errors4!
[25-Aug-2022 13:53:36 UTC] Hello, errors4!
[25-Aug-2022 13:58:09 UTC] Hello, errors4!
[25-Aug-2022 13:58:16 UTC] Hello, errors4!
[25-Aug-2022 14:02:50 UTC] Hello, errors4!
[25-Aug-2022 14:03:01 UTC] Hello, errors4!
[25-Aug-2022 14:05:04 UTC] Hello, errors4!
[25-Aug-2022 14:06:58 UTC] Hello, errors4!
[25-Aug-2022 14:08:02 UTC] Hello, errors4!
[25-Aug-2022 14:12:32 UTC] Hello, errors4!
[25-Aug-2022 14:13:07 UTC] Hello, errors4!
[25-Aug-2022 14:15:16 UTC] Hello, errors4!
[25-Aug-2022 14:17:03 UTC] Hello, errors4!
[25-Aug-2022 14:17:08 UTC] Hello, errors4!
[25-Aug-2022 14:17:13 UTC] Hello, errors4!
[25-Aug-2022 14:20:41 UTC] Hello, errors4!
[25-Aug-2022 14:29:02 UTC] Hello, errors4!
[25-Aug-2022 14:59:22 UTC] Hello, errors3!
[25-Aug-2022 14:59:22 UTC] PHP Notice:  Undefined variable: response_msg in /home/lettkndv/draw.wayway.ai/upload3.php on line 47
[25-Aug-2022 15:00:35 UTC] Hello, errors3!
[25-Aug-2022 15:00:35 UTC] PHP Notice:  Undefined variable: response_msg in /home/lettkndv/draw.wayway.ai/upload3.php on line 47
[25-Aug-2022 15:03:52 UTC] Hello, errors4!
[25-Aug-2022 15:03:52 UTC] PHP Notice:  Undefined variable: response_msg in /home/lettkndv/draw.wayway.ai/upload4.php on line 44
[25-Aug-2022 15:13:09 UTC] Hello, errors4!
[25-Aug-2022 15:13:09 UTC] PHP Notice:  Undefined variable: response_msg in /home/lettkndv/draw.wayway.ai/upload4.php on line 44
[25-Aug-2022 15:13:13 UTC] Hello, errors4!
[25-Aug-2022 15:13:13 UTC] PHP Notice:  Undefined variable: response_msg in /home/lettkndv/draw.wayway.ai/upload4.php on line 44
[25-Aug-2022 15:17:51 UTC] Hello, errors3!
[25-Aug-2022 15:17:51 UTC] PHP Notice:  Undefined index: imageName in /home/lettkndv/draw.wayway.ai/upload3.php on line 22
[25-Aug-2022 15:17:51 UTC] PHP Notice:  Undefined index: drawingText in /home/lettkndv/draw.wayway.ai/upload3.php on line 23
[25-Aug-2022 15:17:51 UTC] PHP Notice:  Undefined index: drawingName in /home/lettkndv/draw.wayway.ai/upload3.php on line 24
[25-Aug-2022 15:17:51 UTC] PHP Notice:  Undefined variable: img in /home/lettkndv/draw.wayway.ai/upload3.php on line 27
[25-Aug-2022 15:17:51 UTC] PHP Notice:  Undefined variable: response_msg in /home/lettkndv/draw.wayway.ai/upload3.php on line 47
[25-Aug-2022 15:19:03 UTC] Hello, errors3!
[25-Aug-2022 15:19:03 UTC] PHP Notice:  Undefined variable: response_msg in /home/lettkndv/draw.wayway.ai/upload3.php on line 47
[25-Aug-2022 15:20:25 UTC] Hello, errors3!
[25-Aug-2022 15:20:25 UTC] PHP Notice:  Undefined variable: response_msg in /home/lettkndv/draw.wayway.ai/upload3.php on line 47
[25-Aug-2022 15:25:04 UTC] Hello, errors3!
[25-Aug-2022 15:25:04 UTC] PHP Notice:  Undefined index: imgBase64 in /home/lettkndv/draw.wayway.ai/upload3.php on line 20
[25-Aug-2022 15:25:04 UTC] PHP Notice:  Undefined index: imageName in /home/lettkndv/draw.wayway.ai/upload3.php on line 22
[25-Aug-2022 15:25:04 UTC] PHP Notice:  Undefined variable: response_msg in /home/lettkndv/draw.wayway.ai/upload3.php on line 47
[25-Aug-2022 15:25:11 UTC] Hello, errors4!
[25-Aug-2022 15:25:11 UTC] PHP Notice:  Undefined variable: response_msg in /home/lettkndv/draw.wayway.ai/upload4.php on line 44
[25-Aug-2022 15:25:47 UTC] Hello, errors3!
[25-Aug-2022 15:25:47 UTC] PHP Notice:  Undefined index: imgBase64 in /home/lettkndv/draw.wayway.ai/upload3.php on line 20
[25-Aug-2022 15:25:47 UTC] PHP Notice:  Undefined index: imageName in /home/lettkndv/draw.wayway.ai/upload3.php on line 22
[25-Aug-2022 15:25:47 UTC] PHP Notice:  Undefined variable: response_msg in /home/lettkndv/draw.wayway.ai/upload3.php on line 47
[25-Aug-2022 15:25:53 UTC] Hello, errors4!
[25-Aug-2022 15:25:53 UTC] PHP Notice:  Undefined variable: response_msg in /home/lettkndv/draw.wayway.ai/upload4.php on line 44
